// Jest Snapshot v1, https://goo.gl/fbAQLP

exports[`<Introduction /> snapshotting should render correctly 1`] = `
Array [
  <h2
    className="MuiTypography-root MuiTypography-h5 css-ag7rrr-MuiTypography-root"
  >
    Кто я и что я делаю
  </h2>,
  <p
    className="MuiTypography-root MuiTypography-body1 css-ahj2mt-MuiTypography-root"
  >
    Всем привет, я - Дарья Кловер!
  </p>,
  <p
    className="MuiTypography-root MuiTypography-body1 css-ahj2mt-MuiTypography-root"
  >
    Я прохожу обучение в
     
    <a
      className="MuiTypography-root MuiTypography-inherit MuiLink-root MuiLink-underlineAlways css-1ps4owl-MuiTypography-root-MuiLink-root"
      href="https://uom.education/university"
      onBlur={[Function]}
      onFocus={[Function]}
      rel="noopener"
    >
      Университете образовательной медицины (УОМ)
       
      <svg
        aria-hidden={true}
        className="MuiSvgIcon-root MuiSvgIcon-fontSizeSmall css-1xzgpfl-MuiSvgIcon-root"
        data-testid="OpenInNewIcon"
        focusable="false"
        viewBox="0 0 24 24"
      >
        <path
          d="M19 19H5V5h7V3H5c-1.11 0-2 .9-2 2v14c0 1.1.89 2 2 2h14c1.1 0 2-.9 2-2v-7h-2v7zM14 3v2h3.59l-9.83 9.83 1.41 1.41L19 6.41V10h2V3h-7z"
        />
      </svg>
    </a>
     
    и 
    <i>
      PreventAge LifeStyle School
    </i>
     на интегративного health-коуча - специалиста по модификации образа жизни и немедикаментозному оздоровлению.
  </p>,
  <p
    className="MuiTypography-root MuiTypography-body1 css-ahj2mt-MuiTypography-root"
  >
    Я помогаю своим клиентам вести здоровый образ жизни и предотвратить появление хронических заболеваний, а также повысить качество жизни, улучшить самочувствие, делюсь рекомендациями для восстановления и поддержания здоровья.
  </p>,
  <p
    className="MuiTypography-root MuiTypography-body1 css-ahj2mt-MuiTypography-root"
  >
    Я разбираю запрос клиента с разных сторон, что помогает увидеть полную картину конкретной ситуации и ее причины. Я использую различные подходы и инструменты, чтобы помочь проработать эти причины и придти к решению запроса клиента.
  </p>,
  <p
    className="MuiTypography-root MuiTypography-body1 css-ahj2mt-MuiTypography-root"
  >
    Одна из моих главных задач - осознание клиентом того, 
    <strong>
      что, как и почему нужно делать
    </strong>
    , чтобы достичь желаемого результата.
  </p>,
]
`;
