// Jest Snapshot v1, https://goo.gl/fbAQLP

exports[`<Main /> snapshotting should render correctly 1`] = `
Array [
  <h2
    className="MuiTypography-root MuiTypography-h5 MuiTypography-gutterBottom css-h93ljk-MuiTypography-root"
  >
    Кто я и что я делаю
  </h2>,
  <p
    className="MuiTypography-root MuiTypography-body1 MuiTypography-gutterBottom css-d3wcwz-MuiTypography-root"
  >
    Всем привет, я - Дарья Кловер!
  </p>,
  <p
    className="MuiTypography-root MuiTypography-body1 MuiTypography-gutterBottom css-d3wcwz-MuiTypography-root"
  >
    Я прохожу обучение в
     
    <a
      className="MuiTypography-root MuiTypography-inherit MuiLink-root MuiLink-underlineAlways css-1ps4owl-MuiTypography-root-MuiLink-root"
      href="https://uom.education/university"
      onBlur={[Function]}
      onFocus={[Function]}
      rel="noopener"
      target="_blank"
    >
      Университете образовательной медицины (УОМ)
       
      <svg
        aria-hidden={true}
        className="MuiSvgIcon-root MuiSvgIcon-fontSizeSmall css-1xzgpfl-MuiSvgIcon-root"
        data-testid="OpenInNewIcon"
        focusable="false"
        viewBox="0 0 24 24"
      >
        <path
          d="M19 19H5V5h7V3H5c-1.11 0-2 .9-2 2v14c0 1.1.89 2 2 2h14c1.1 0 2-.9 2-2v-7h-2v7zM14 3v2h3.59l-9.83 9.83 1.41 1.41L19 6.41V10h2V3h-7z"
        />
      </svg>
    </a>
     
    и 
    <i>
      PreventAge LifeStyle School
    </i>
     на интегративного health-коуча - специалиста по модификации образа жизни и немедикаментозному оздоровлению.
  </p>,
  <p
    className="MuiTypography-root MuiTypography-body1 MuiTypography-gutterBottom css-d3wcwz-MuiTypography-root"
  >
    Я помогаю своим клиентам вести здоровый образ жизни и предотвратить появление хронических заболеваний, а также повысить качество жизни, улучшить самочувствие, делюсь рекомендациями для восстановления и поддержания здоровья.
  </p>,
  <p
    className="MuiTypography-root MuiTypography-body1 MuiTypography-gutterBottom css-d3wcwz-MuiTypography-root"
  >
    Я разбираю запрос клиента с разных сторон, что помогает увидеть полную картину конкретной ситуации и ее причины. Я использую различные подходы и инструменты, чтобы помочь проработать эти причины и придти к решению запроса клиента.
  </p>,
  <p
    className="MuiTypography-root MuiTypography-body1 MuiTypography-gutterBottom css-d3wcwz-MuiTypography-root"
  >
    Одна из моих главных задач - осознание клиентом того, 
    <strong
      className="css-1081t4c"
    >
      что, как и почему нужно делать
    </strong>
    , чтобы достичь желаемого результата.
  </p>,
  <div
    className="MuiPaper-root MuiPaper-elevation MuiPaper-rounded MuiPaper-elevation0 MuiAlert-root MuiAlert-standardInfo MuiAlert-standard css-12mvehg-MuiPaper-root-MuiAlert-root"
    role="alert"
  >
    <div
      className="MuiAlert-icon css-1ytlwq5-MuiAlert-icon"
    >
      <svg
        aria-hidden={true}
        className="MuiSvgIcon-root MuiSvgIcon-fontSizeInherit css-1vooibu-MuiSvgIcon-root"
        data-testid="InfoOutlinedIcon"
        focusable="false"
        viewBox="0 0 24 24"
      >
        <path
          d="M11,9H13V7H11M12,20C7.59,20 4,16.41 4,12C4,7.59 7.59,4 12,4C16.41,4 20,7.59 20, 12C20,16.41 16.41,20 12,20M12,2A10,10 0 0,0 2,12A10,10 0 0,0 12,22A10,10 0 0,0 22,12A10, 10 0 0,0 12,2M11,17H13V11H11V17Z"
        />
      </svg>
    </div>
    <div
      className="MuiAlert-message css-1pxa9xg-MuiAlert-message"
    >
      <div
        className="MuiTypography-root MuiTypography-body1 MuiTypography-gutterBottom MuiAlertTitle-root css-yslrua-MuiTypography-root-MuiAlertTitle-root"
      >
        Ведутся работы
      </div>
      В связи с тем, что на сайте ведутся активные работы, что-то может отсутствовать, работать не стабильно или вовсе не работать (мало верояно, но все-таки возможно). Спасибо за понимание 😇
    </div>
  </div>,
]
`;
